[     749ms] [INFO] [dc-runtime] x-import: loading ./components/core/NavBar.jsx (jsx) @ https://5ad8ee91-589a-4594-b5ac-322178778535.claudeusercontent.com/v1/design/projects/5ad8ee91-589a-4594-b5ac-322178778535/serve/support.js:1127
[     750ms] [INFO] [dc-runtime] x-import: loading ./components/core/Button.jsx (jsx) @ https://5ad8ee91-589a-4594-b5ac-322178778535.claudeusercontent.com/v1/design/projects/5ad8ee91-589a-4594-b5ac-322178778535/serve/support.js:1127
[     750ms] [INFO] [dc-runtime] x-import: loading ./components/core/StatTile.jsx (jsx) @ https://5ad8ee91-589a-4594-b5ac-322178778535.claudeusercontent.com/v1/design/projects/5ad8ee91-589a-4594-b5ac-322178778535/serve/support.js:1127
[     750ms] [INFO] [dc-runtime] x-import: loading ./components/core/SidebarNav.jsx (jsx) @ https://5ad8ee91-589a-4594-b5ac-322178778535.claudeusercontent.com/v1/design/projects/5ad8ee91-589a-4594-b5ac-322178778535/serve/support.js:1127
[     750ms] [INFO] [dc-runtime] x-import: loading ./components/core/TagChip.jsx (jsx) @ https://5ad8ee91-589a-4594-b5ac-322178778535.claudeusercontent.com/v1/design/projects/5ad8ee91-589a-4594-b5ac-322178778535/serve/support.js:1127
[     750ms] [INFO] [dc-runtime] x-import: loading ./components/core/DataTable.jsx (jsx) @ https://5ad8ee91-589a-4594-b5ac-322178778535.claudeusercontent.com/v1/design/projects/5ad8ee91-589a-4594-b5ac-322178778535/serve/support.js:1127
[     751ms] [INFO] [dc-runtime] x-import: loading ./components/core/HexViewer.jsx (jsx) @ https://5ad8ee91-589a-4594-b5ac-322178778535.claudeusercontent.com/v1/design/projects/5ad8ee91-589a-4594-b5ac-322178778535/serve/support.js:1127
[     751ms] [INFO] [dc-runtime] x-import: loading ./components/core/Callout.jsx (jsx) @ https://5ad8ee91-589a-4594-b5ac-322178778535.claudeusercontent.com/v1/design/projects/5ad8ee91-589a-4594-b5ac-322178778535/serve/support.js:1127
[     751ms] [INFO] [dc-runtime] x-import: loading ./components/core/TerminalBlock.jsx (jsx) @ https://5ad8ee91-589a-4594-b5ac-322178778535.claudeusercontent.com/v1/design/projects/5ad8ee91-589a-4594-b5ac-322178778535/serve/support.js:1127
[     751ms] [INFO] [dc-runtime] x-import: loading ./components/core/BenchmarkBar.jsx (jsx) @ https://5ad8ee91-589a-4594-b5ac-322178778535.claudeusercontent.com/v1/design/projects/5ad8ee91-589a-4594-b5ac-322178778535/serve/support.js:1127
[     751ms] [INFO] [dc-runtime] x-import: loading ./components/core/ScanLine.jsx (jsx) @ https://5ad8ee91-589a-4594-b5ac-322178778535.claudeusercontent.com/v1/design/projects/5ad8ee91-589a-4594-b5ac-322178778535/serve/support.js:1127
[     751ms] [INFO] [dc-runtime] x-import: loading ./components/core/Badge.jsx (jsx) @ https://5ad8ee91-589a-4594-b5ac-322178778535.claudeusercontent.com/v1/design/projects/5ad8ee91-589a-4594-b5ac-322178778535/serve/support.js:1127
[    1013ms] [INFO] [dc-runtime] x-import: loaded ./components/core/SidebarNav.jsx — exports: [] window globals: [SidebarNav] @ https://5ad8ee91-589a-4594-b5ac-322178778535.claudeusercontent.com/v1/design/projects/5ad8ee91-589a-4594-b5ac-322178778535/serve/support.js:1160
[    1015ms] [INFO] [dc-runtime] x-import: loaded ./components/core/ScanLine.jsx — exports: [] window globals: [ScanLine] @ https://5ad8ee91-589a-4594-b5ac-322178778535.claudeusercontent.com/v1/design/projects/5ad8ee91-589a-4594-b5ac-322178778535/serve/support.js:1160
[    1033ms] [INFO] [dc-runtime] x-import: loaded ./components/core/TerminalBlock.jsx — exports: [] window globals: [TerminalBlock] @ https://5ad8ee91-589a-4594-b5ac-322178778535.claudeusercontent.com/v1/design/projects/5ad8ee91-589a-4594-b5ac-322178778535/serve/support.js:1160
[    1041ms] [INFO] [dc-runtime] x-import: loaded ./components/core/BenchmarkBar.jsx — exports: [] window globals: [BenchmarkBar] @ https://5ad8ee91-589a-4594-b5ac-322178778535.claudeusercontent.com/v1/design/projects/5ad8ee91-589a-4594-b5ac-322178778535/serve/support.js:1160
[    1062ms] [INFO] [dc-runtime] x-import: loaded ./components/core/Badge.jsx — exports: [] window globals: [Badge] @ https://5ad8ee91-589a-4594-b5ac-322178778535.claudeusercontent.com/v1/design/projects/5ad8ee91-589a-4594-b5ac-322178778535/serve/support.js:1160
[    1069ms] [INFO] [dc-runtime] x-import: loaded ./components/core/NavBar.jsx — exports: [] window globals: [NavBar] @ https://5ad8ee91-589a-4594-b5ac-322178778535.claudeusercontent.com/v1/design/projects/5ad8ee91-589a-4594-b5ac-322178778535/serve/support.js:1160
[    1070ms] [INFO] [dc-runtime] x-import: loaded ./components/core/TagChip.jsx — exports: [] window globals: [TagChip] @ https://5ad8ee91-589a-4594-b5ac-322178778535.claudeusercontent.com/v1/design/projects/5ad8ee91-589a-4594-b5ac-322178778535/serve/support.js:1160
[    1083ms] [INFO] [dc-runtime] x-import: loaded ./components/core/DataTable.jsx — exports: [] window globals: [DataTable] @ https://5ad8ee91-589a-4594-b5ac-322178778535.claudeusercontent.com/v1/design/projects/5ad8ee91-589a-4594-b5ac-322178778535/serve/support.js:1160
[    1090ms] [INFO] [dc-runtime] x-import: loaded ./components/core/Callout.jsx — exports: [] window globals: [Callout] @ https://5ad8ee91-589a-4594-b5ac-322178778535.claudeusercontent.com/v1/design/projects/5ad8ee91-589a-4594-b5ac-322178778535/serve/support.js:1160
[    1093ms] [INFO] [dc-runtime] x-import: loaded ./components/core/StatTile.jsx — exports: [] window globals: [StatTile] @ https://5ad8ee91-589a-4594-b5ac-322178778535.claudeusercontent.com/v1/design/projects/5ad8ee91-589a-4594-b5ac-322178778535/serve/support.js:1160
[    1112ms] [INFO] [dc-runtime] x-import: loaded ./components/core/HexViewer.jsx — exports: [] window globals: [HexViewer] @ https://5ad8ee91-589a-4594-b5ac-322178778535.claudeusercontent.com/v1/design/projects/5ad8ee91-589a-4594-b5ac-322178778535/serve/support.js:1160
[    1116ms] [INFO] [dc-runtime] x-import: loaded ./components/core/Button.jsx — exports: [] window globals: [Button] @ https://5ad8ee91-589a-4594-b5ac-322178778535.claudeusercontent.com/v1/design/projects/5ad8ee91-589a-4594-b5ac-322178778535/serve/support.js:1160
